// Jest Snapshot v1, https://goo.gl/fbAQLP

exports[`Button Component With Theme should match snapshot 1`] = `"Hello World!"`;
